2025-11-15 21:47:53,712 - INFO - Pipeline Mode => PROTOTYPE | DOWNLOAD=False, SPLIT=False, UPLOAD=False, TRAIN=True
2025-11-15 21:47:53,713 - INFO - Starting model training.
2025-11-15 21:47:53,713 - INFO - Starting model training.
2025-11-15 21:47:53,713 - INFO - Using device: cpu
2025-11-15 22:02:37,068 - INFO - Epoch 1: Train 8.29%, Val 23.29%
2025-11-15 22:02:37,160 - INFO - Saved model => /home/ec2-user/dm-project/prototype_model/prototype_trained_models/resnet50_20251115_214749/dress_type_model_epoch_1_acc_23.29.pth
2025-11-15 22:02:38,708 - INFO - Uploaded to S3 => s3://data-management-dataset-2/prototype_trained_models/resnet50_20251115_214749/dress_type_model_epoch_1_acc_23.29.pth
2025-11-15 22:16:16,684 - INFO - Epoch 2: Train 33.96%, Val 38.68%
2025-11-15 22:16:16,774 - INFO - Saved model => /home/ec2-user/dm-project/prototype_model/prototype_trained_models/resnet50_20251115_214749/dress_type_model_epoch_2_acc_38.68.pth
2025-11-15 22:16:18,477 - INFO - Uploaded to S3 => s3://data-management-dataset-2/prototype_trained_models/resnet50_20251115_214749/dress_type_model_epoch_2_acc_38.68.pth
2025-11-15 22:31:02,274 - INFO - Epoch 3: Train 49.39%, Val 51.50%
2025-11-15 22:31:02,362 - INFO - Saved model => /home/ec2-user/dm-project/prototype_model/prototype_trained_models/resnet50_20251115_214749/dress_type_model_epoch_3_acc_51.50.pth
2025-11-15 22:31:04,232 - INFO - Uploaded to S3 => s3://data-management-dataset-2/prototype_trained_models/resnet50_20251115_214749/dress_type_model_epoch_3_acc_51.50.pth
2025-11-15 22:45:08,080 - INFO - Epoch 4: Train 60.59%, Val 58.55%
2025-11-15 22:45:08,168 - INFO - Saved model => /home/ec2-user/dm-project/prototype_model/prototype_trained_models/resnet50_20251115_214749/dress_type_model_epoch_4_acc_58.55.pth
2025-11-15 22:45:10,038 - INFO - Uploaded to S3 => s3://data-management-dataset-2/prototype_trained_models/resnet50_20251115_214749/dress_type_model_epoch_4_acc_58.55.pth
2025-11-15 22:57:37,163 - INFO - Epoch 5: Train 69.36%, Val 61.54%
2025-11-15 22:57:37,254 - INFO - Saved model => /home/ec2-user/dm-project/prototype_model/prototype_trained_models/resnet50_20251115_214749/dress_type_model_epoch_5_acc_61.54.pth
2025-11-15 22:57:38,787 - INFO - Uploaded to S3 => s3://data-management-dataset-2/prototype_trained_models/resnet50_20251115_214749/dress_type_model_epoch_5_acc_61.54.pth
2025-11-15 23:09:22,011 - INFO - Epoch 6: Train 75.45%, Val 62.82%
2025-11-15 23:09:22,100 - INFO - Saved model => /home/ec2-user/dm-project/prototype_model/prototype_trained_models/resnet50_20251115_214749/dress_type_model_epoch_6_acc_62.82.pth
2025-11-15 23:09:23,621 - INFO - Uploaded to S3 => s3://data-management-dataset-2/prototype_trained_models/resnet50_20251115_214749/dress_type_model_epoch_6_acc_62.82.pth
2025-11-15 23:21:12,356 - INFO - Epoch 7: Train 81.15%, Val 63.03%
2025-11-15 23:21:12,442 - INFO - Saved model => /home/ec2-user/dm-project/prototype_model/prototype_trained_models/resnet50_20251115_214749/dress_type_model_epoch_7_acc_63.03.pth
2025-11-15 23:21:13,889 - INFO - Uploaded to S3 => s3://data-management-dataset-2/prototype_trained_models/resnet50_20251115_214749/dress_type_model_epoch_7_acc_63.03.pth
2025-11-15 23:32:19,646 - INFO - Epoch 8: Train 85.63%, Val 64.53%
2025-11-15 23:32:19,744 - INFO - Saved model => /home/ec2-user/dm-project/prototype_model/prototype_trained_models/resnet50_20251115_214749/dress_type_model_epoch_8_acc_64.53.pth
2025-11-15 23:32:21,279 - INFO - Uploaded to S3 => s3://data-management-dataset-2/prototype_trained_models/resnet50_20251115_214749/dress_type_model_epoch_8_acc_64.53.pth
2025-11-15 23:43:34,779 - INFO - Epoch 9: Train 89.46%, Val 66.24%
2025-11-15 23:43:34,867 - INFO - Saved model => /home/ec2-user/dm-project/prototype_model/prototype_trained_models/resnet50_20251115_214749/dress_type_model_epoch_9_acc_66.24.pth
2025-11-15 23:43:36,384 - INFO - Uploaded to S3 => s3://data-management-dataset-2/prototype_trained_models/resnet50_20251115_214749/dress_type_model_epoch_9_acc_66.24.pth
2025-11-15 23:54:30,672 - INFO - Epoch 10: Train 92.86%, Val 64.10%
2025-11-15 23:54:30,759 - INFO - Saved model => /home/ec2-user/dm-project/prototype_model/prototype_trained_models/resnet50_20251115_214749/dress_type_model_epoch_10_acc_64.10.pth
2025-11-15 23:54:32,226 - INFO - Uploaded to S3 => s3://data-management-dataset-2/prototype_trained_models/resnet50_20251115_214749/dress_type_model_epoch_10_acc_64.10.pth
2025-11-16 00:05:05,070 - INFO - Epoch 11: Train 94.81%, Val 65.17%
2025-11-16 00:05:05,161 - INFO - Saved model => /home/ec2-user/dm-project/prototype_model/prototype_trained_models/resnet50_20251115_214749/dress_type_model_epoch_11_acc_65.17.pth
2025-11-16 00:05:06,742 - INFO - Uploaded to S3 => s3://data-management-dataset-2/prototype_trained_models/resnet50_20251115_214749/dress_type_model_epoch_11_acc_65.17.pth
2025-11-16 00:19:14,048 - INFO - Epoch 12: Train 96.57%, Val 63.89%
2025-11-16 00:19:14,135 - INFO - Saved model => /home/ec2-user/dm-project/prototype_model/prototype_trained_models/resnet50_20251115_214749/dress_type_model_epoch_12_acc_63.89.pth
2025-11-16 00:19:15,690 - INFO - Uploaded to S3 => s3://data-management-dataset-2/prototype_trained_models/resnet50_20251115_214749/dress_type_model_epoch_12_acc_63.89.pth
2025-11-16 00:33:00,833 - INFO - Epoch 13: Train 97.44%, Val 65.17%
2025-11-16 00:33:00,924 - INFO - Saved model => /home/ec2-user/dm-project/prototype_model/prototype_trained_models/resnet50_20251115_214749/dress_type_model_epoch_13_acc_65.17.pth
2025-11-16 00:33:02,688 - INFO - Uploaded to S3 => s3://data-management-dataset-2/prototype_trained_models/resnet50_20251115_214749/dress_type_model_epoch_13_acc_65.17.pth
2025-11-16 00:47:03,603 - INFO - Epoch 14: Train 98.11%, Val 63.03%
2025-11-16 00:47:03,690 - INFO - Saved model => /home/ec2-user/dm-project/prototype_model/prototype_trained_models/resnet50_20251115_214749/dress_type_model_epoch_14_acc_63.03.pth
2025-11-16 00:47:05,497 - INFO - Uploaded to S3 => s3://data-management-dataset-2/prototype_trained_models/resnet50_20251115_214749/dress_type_model_epoch_14_acc_63.03.pth
2025-11-16 01:01:11,510 - INFO - Epoch 15: Train 98.72%, Val 64.96%
2025-11-16 01:01:11,598 - INFO - Saved model => /home/ec2-user/dm-project/prototype_model/prototype_trained_models/resnet50_20251115_214749/dress_type_model_epoch_15_acc_64.96.pth
2025-11-16 01:01:13,028 - INFO - Uploaded to S3 => s3://data-management-dataset-2/prototype_trained_models/resnet50_20251115_214749/dress_type_model_epoch_15_acc_64.96.pth
2025-11-16 01:14:22,759 - INFO - Epoch 16: Train 99.10%, Val 64.74%
2025-11-16 01:14:22,845 - INFO - Saved model => /home/ec2-user/dm-project/prototype_model/prototype_trained_models/resnet50_20251115_214749/dress_type_model_epoch_16_acc_64.74.pth
2025-11-16 01:14:24,340 - INFO - Uploaded to S3 => s3://data-management-dataset-2/prototype_trained_models/resnet50_20251115_214749/dress_type_model_epoch_16_acc_64.74.pth
2025-11-16 01:27:46,256 - INFO - Epoch 17: Train 99.39%, Val 65.17%
2025-11-16 01:27:46,345 - INFO - Saved model => /home/ec2-user/dm-project/prototype_model/prototype_trained_models/resnet50_20251115_214749/dress_type_model_epoch_17_acc_65.17.pth
2025-11-16 01:27:48,013 - INFO - Uploaded to S3 => s3://data-management-dataset-2/prototype_trained_models/resnet50_20251115_214749/dress_type_model_epoch_17_acc_65.17.pth
2025-11-16 01:41:52,553 - INFO - Epoch 18: Train 99.18%, Val 63.46%
2025-11-16 01:41:52,645 - INFO - Saved model => /home/ec2-user/dm-project/prototype_model/prototype_trained_models/resnet50_20251115_214749/dress_type_model_epoch_18_acc_63.46.pth
2025-11-16 01:41:54,204 - INFO - Uploaded to S3 => s3://data-management-dataset-2/prototype_trained_models/resnet50_20251115_214749/dress_type_model_epoch_18_acc_63.46.pth
2025-11-16 01:56:08,247 - INFO - Epoch 19: Train 99.41%, Val 64.96%
2025-11-16 01:56:08,334 - INFO - Saved model => /home/ec2-user/dm-project/prototype_model/prototype_trained_models/resnet50_20251115_214749/dress_type_model_epoch_19_acc_64.96.pth
2025-11-16 01:56:10,448 - INFO - Uploaded to S3 => s3://data-management-dataset-2/prototype_trained_models/resnet50_20251115_214749/dress_type_model_epoch_19_acc_64.96.pth
2025-11-16 02:10:21,422 - INFO - Epoch 20: Train 99.62%, Val 62.39%
2025-11-16 02:10:21,520 - INFO - Saved model => /home/ec2-user/dm-project/prototype_model/prototype_trained_models/resnet50_20251115_214749/dress_type_model_epoch_20_acc_62.39.pth
2025-11-16 02:10:23,199 - INFO - Uploaded to S3 => s3://data-management-dataset-2/prototype_trained_models/resnet50_20251115_214749/dress_type_model_epoch_20_acc_62.39.pth
2025-11-16 02:24:22,507 - INFO - Epoch 21: Train 99.10%, Val 64.74%
2025-11-16 02:24:22,595 - INFO - Saved model => /home/ec2-user/dm-project/prototype_model/prototype_trained_models/resnet50_20251115_214749/dress_type_model_epoch_21_acc_64.74.pth
2025-11-16 02:24:24,360 - INFO - Uploaded to S3 => s3://data-management-dataset-2/prototype_trained_models/resnet50_20251115_214749/dress_type_model_epoch_21_acc_64.74.pth
2025-11-16 02:38:25,441 - INFO - Epoch 22: Train 99.51%, Val 65.60%
2025-11-16 02:38:25,529 - INFO - Saved model => /home/ec2-user/dm-project/prototype_model/prototype_trained_models/resnet50_20251115_214749/dress_type_model_epoch_22_acc_65.60.pth
2025-11-16 02:38:26,869 - INFO - Uploaded to S3 => s3://data-management-dataset-2/prototype_trained_models/resnet50_20251115_214749/dress_type_model_epoch_22_acc_65.60.pth
2025-11-16 02:52:09,255 - INFO - Epoch 23: Train 99.67%, Val 65.38%
2025-11-16 02:52:09,344 - INFO - Saved model => /home/ec2-user/dm-project/prototype_model/prototype_trained_models/resnet50_20251115_214749/dress_type_model_epoch_23_acc_65.38.pth
2025-11-16 02:52:11,068 - INFO - Uploaded to S3 => s3://data-management-dataset-2/prototype_trained_models/resnet50_20251115_214749/dress_type_model_epoch_23_acc_65.38.pth
2025-11-16 03:06:32,750 - INFO - Epoch 24: Train 99.67%, Val 63.68%
2025-11-16 03:06:32,840 - INFO - Saved model => /home/ec2-user/dm-project/prototype_model/prototype_trained_models/resnet50_20251115_214749/dress_type_model_epoch_24_acc_63.68.pth
2025-11-16 03:06:34,641 - INFO - Uploaded to S3 => s3://data-management-dataset-2/prototype_trained_models/resnet50_20251115_214749/dress_type_model_epoch_24_acc_63.68.pth
2025-11-16 03:20:18,503 - INFO - Epoch 25: Train 99.49%, Val 64.53%
2025-11-16 03:20:18,598 - INFO - Saved model => /home/ec2-user/dm-project/prototype_model/prototype_trained_models/resnet50_20251115_214749/dress_type_model_epoch_25_acc_64.53.pth
2025-11-16 03:20:20,456 - INFO - Uploaded to S3 => s3://data-management-dataset-2/prototype_trained_models/resnet50_20251115_214749/dress_type_model_epoch_25_acc_64.53.pth
2025-11-16 03:34:20,902 - INFO - Epoch 26: Train 99.54%, Val 64.10%
2025-11-16 03:34:20,993 - INFO - Saved model => /home/ec2-user/dm-project/prototype_model/prototype_trained_models/resnet50_20251115_214749/dress_type_model_epoch_26_acc_64.10.pth
2025-11-16 03:34:22,704 - INFO - Uploaded to S3 => s3://data-management-dataset-2/prototype_trained_models/resnet50_20251115_214749/dress_type_model_epoch_26_acc_64.10.pth
2025-11-16 03:50:18,611 - INFO - Epoch 27: Train 99.77%, Val 63.68%
2025-11-16 03:50:18,710 - INFO - Saved model => /home/ec2-user/dm-project/prototype_model/prototype_trained_models/resnet50_20251115_214749/dress_type_model_epoch_27_acc_63.68.pth
2025-11-16 03:50:20,278 - INFO - Uploaded to S3 => s3://data-management-dataset-2/prototype_trained_models/resnet50_20251115_214749/dress_type_model_epoch_27_acc_63.68.pth
2025-11-16 04:06:18,747 - INFO - Epoch 28: Train 99.74%, Val 66.45%
2025-11-16 04:06:18,836 - INFO - Saved model => /home/ec2-user/dm-project/prototype_model/prototype_trained_models/resnet50_20251115_214749/dress_type_model_epoch_28_acc_66.45.pth
2025-11-16 04:06:20,461 - INFO - Uploaded to S3 => s3://data-management-dataset-2/prototype_trained_models/resnet50_20251115_214749/dress_type_model_epoch_28_acc_66.45.pth
2025-11-16 04:19:51,065 - INFO - Epoch 29: Train 99.80%, Val 66.24%
2025-11-16 04:19:51,153 - INFO - Saved model => /home/ec2-user/dm-project/prototype_model/prototype_trained_models/resnet50_20251115_214749/dress_type_model_epoch_29_acc_66.24.pth
2025-11-16 04:19:52,977 - INFO - Uploaded to S3 => s3://data-management-dataset-2/prototype_trained_models/resnet50_20251115_214749/dress_type_model_epoch_29_acc_66.24.pth
2025-11-16 04:33:50,163 - INFO - Epoch 30: Train 99.69%, Val 63.89%
2025-11-16 04:33:50,251 - INFO - Saved model => /home/ec2-user/dm-project/prototype_model/prototype_trained_models/resnet50_20251115_214749/dress_type_model_epoch_30_acc_63.89.pth
2025-11-16 04:33:51,680 - INFO - Uploaded to S3 => s3://data-management-dataset-2/prototype_trained_models/resnet50_20251115_214749/dress_type_model_epoch_30_acc_63.89.pth
2025-11-16 04:48:10,692 - INFO - Epoch 31: Train 99.57%, Val 65.17%
2025-11-16 04:48:10,781 - INFO - Saved model => /home/ec2-user/dm-project/prototype_model/prototype_trained_models/resnet50_20251115_214749/dress_type_model_epoch_31_acc_65.17.pth
2025-11-16 04:48:12,359 - INFO - Uploaded to S3 => s3://data-management-dataset-2/prototype_trained_models/resnet50_20251115_214749/dress_type_model_epoch_31_acc_65.17.pth
2025-11-16 05:01:54,998 - INFO - Epoch 32: Train 99.54%, Val 65.38%
2025-11-16 05:01:55,085 - INFO - Saved model => /home/ec2-user/dm-project/prototype_model/prototype_trained_models/resnet50_20251115_214749/dress_type_model_epoch_32_acc_65.38.pth
2025-11-16 05:01:56,726 - INFO - Uploaded to S3 => s3://data-management-dataset-2/prototype_trained_models/resnet50_20251115_214749/dress_type_model_epoch_32_acc_65.38.pth
2025-11-16 05:01:56,726 - INFO - Training complete! Best Val Acc: 0.00%
2025-11-16 05:02:42,529 - INFO - All selected pipeline stages complete. Execution finished.
