2025-11-14 09:38:23,721 - INFO - Pipeline Mode → PROTOTYPE | DOWNLOAD=True, SPLIT=True, UPLOAD=True, TRAIN=True
2025-11-14 09:38:23,721 - INFO - Starting dataset download…
2025-11-14 09:38:23,721 - INFO - Downloading dataset from s3://data-management-dataset-2/prototype-dataset/
2025-11-14 09:42:49,044 - INFO - Dataset download complete! Total files downloaded: 4378
2025-11-14 09:42:49,046 - INFO - Starting dataset split…
2025-11-14 09:42:49,046 - INFO - Splitting dataset...
2025-11-14 09:42:49,552 - INFO - Dataset split complete!
2025-11-14 09:42:49,552 - INFO - ⬆Uploading split dataset to S3…
2025-11-14 09:42:49,552 - INFO - Uploading from /home/ec2-user/dm-project/prototype_model/prototype_dataset_splitted to s3://data-management-dataset-2/prototype_dataset_splitted/prototype_dataset_splitted_20251114_093820/ ...
2025-11-14 09:45:46,103 - INFO - Upload complete at s3://data-management-dataset-2/prototype_dataset_splitted/prototype_dataset_splitted_20251114_093820/
2025-11-14 09:45:46,103 - INFO - Starting model training…
2025-11-14 09:45:46,103 - INFO - Starting model training...
2025-11-14 09:45:46,103 - INFO - Using device: cpu
2025-11-14 10:02:41,176 - INFO - Epoch 1: Train 9.90%, Val 21.15%
2025-11-14 10:02:43,286 - INFO - Model uploaded: s3://data-management-dataset-2/prototype_trained_models/resnet50_20251114_093820/dress_type_model_1.pth
2025-11-14 10:18:29,932 - INFO - Epoch 2: Train 32.56%, Val 40.81%
2025-11-14 10:18:31,844 - INFO - Model uploaded: s3://data-management-dataset-2/prototype_trained_models/resnet50_20251114_093820/dress_type_model_2.pth
2025-11-14 10:34:48,825 - INFO - Epoch 3: Train 50.72%, Val 52.56%
2025-11-14 10:34:50,547 - INFO - Model uploaded: s3://data-management-dataset-2/prototype_trained_models/resnet50_20251114_093820/dress_type_model_3.pth
2025-11-14 10:47:28,490 - INFO - Epoch 4: Train 61.87%, Val 60.26%
2025-11-14 10:47:31,635 - INFO - Model uploaded: s3://data-management-dataset-2/prototype_trained_models/resnet50_20251114_093820/dress_type_model_4.pth
2025-11-14 11:05:05,291 - INFO - Epoch 5: Train 69.67%, Val 64.74%
2025-11-14 11:05:07,102 - INFO - Model uploaded: s3://data-management-dataset-2/prototype_trained_models/resnet50_20251114_093820/dress_type_model_5.pth
2025-11-14 11:20:18,210 - INFO - Epoch 6: Train 76.11%, Val 64.53%
2025-11-14 11:33:14,032 - INFO - Epoch 7: Train 81.66%, Val 65.81%
2025-11-14 11:33:15,722 - INFO - Model uploaded: s3://data-management-dataset-2/prototype_trained_models/resnet50_20251114_093820/dress_type_model_7.pth
2025-11-14 11:46:18,516 - INFO - Epoch 8: Train 85.60%, Val 66.24%
2025-11-14 11:46:20,470 - INFO - Model uploaded: s3://data-management-dataset-2/prototype_trained_models/resnet50_20251114_093820/dress_type_model_8.pth
2025-11-14 11:59:51,806 - INFO - Epoch 9: Train 89.57%, Val 67.52%
2025-11-14 11:59:54,920 - INFO - Model uploaded: s3://data-management-dataset-2/prototype_trained_models/resnet50_20251114_093820/dress_type_model_9.pth
2025-11-14 12:14:55,785 - INFO - Epoch 10: Train 92.76%, Val 65.81%
2025-11-14 12:30:09,582 - INFO - Epoch 11: Train 95.35%, Val 68.59%
2025-11-14 12:30:11,816 - INFO - Model uploaded: s3://data-management-dataset-2/prototype_trained_models/resnet50_20251114_093820/dress_type_model_11.pth
2025-11-14 12:45:21,993 - INFO - Epoch 12: Train 96.78%, Val 68.59%
2025-11-14 12:59:18,032 - INFO - Epoch 13: Train 97.42%, Val 66.67%
2025-11-14 13:14:25,291 - INFO - Epoch 14: Train 98.29%, Val 67.95%
2025-11-14 13:27:33,770 - INFO - Epoch 15: Train 99.18%, Val 66.45%
2025-11-14 13:44:01,143 - INFO - Epoch 16: Train 99.05%, Val 67.95%
2025-11-14 13:57:03,642 - INFO - Epoch 17: Train 99.10%, Val 67.74%
2025-11-14 14:12:38,503 - INFO - Epoch 18: Train 99.23%, Val 67.95%
2025-11-14 14:31:05,325 - INFO - Epoch 19: Train 99.41%, Val 66.24%
2025-11-14 14:44:59,180 - INFO - Epoch 20: Train 99.67%, Val 65.81%
2025-11-14 14:58:18,218 - INFO - Epoch 21: Train 99.54%, Val 68.38%
2025-11-14 15:13:12,572 - INFO - Epoch 22: Train 99.69%, Val 67.09%
2025-11-14 15:28:21,373 - INFO - Epoch 23: Train 99.92%, Val 67.95%
2025-11-14 15:56:54,740 - INFO - Epoch 24: Train 99.59%, Val 68.38%
2025-11-14 16:11:27,349 - INFO - Epoch 25: Train 99.69%, Val 65.38%
2025-11-14 16:33:15,737 - INFO - Epoch 26: Train 99.72%, Val 67.09%
2025-11-14 16:51:36,245 - INFO - Epoch 27: Train 99.57%, Val 66.88%
2025-11-14 17:07:22,086 - INFO - Epoch 28: Train 99.69%, Val 66.45%
2025-11-14 17:23:43,708 - INFO - Epoch 29: Train 99.03%, Val 66.67%
2025-11-14 17:37:38,944 - INFO - Epoch 30: Train 99.80%, Val 66.67%
2025-11-14 17:51:56,805 - INFO - Epoch 31: Train 99.74%, Val 67.74%
2025-11-14 18:09:09,147 - INFO - Epoch 32: Train 99.69%, Val 66.67%
2025-11-14 18:28:01,069 - INFO - Epoch 33: Train 99.41%, Val 66.67%
2025-11-14 18:41:22,241 - INFO - Epoch 34: Train 99.44%, Val 66.88%
2025-11-14 18:55:57,983 - INFO - Epoch 35: Train 99.62%, Val 66.88%
2025-11-14 19:09:58,910 - INFO - Epoch 36: Train 99.85%, Val 66.03%
2025-11-14 19:20:29,928 - INFO - Epoch 37: Train 99.69%, Val 66.67%
2025-11-14 19:32:39,652 - INFO - Epoch 38: Train 99.51%, Val 66.45%
2025-11-14 19:44:50,539 - INFO - Epoch 39: Train 99.82%, Val 66.88%
2025-11-14 19:56:16,496 - INFO - Epoch 40: Train 99.51%, Val 67.52%
2025-11-14 20:07:28,836 - INFO - Epoch 41: Train 99.44%, Val 66.67%
2025-11-14 20:18:59,481 - INFO - Epoch 42: Train 99.51%, Val 65.17%
2025-11-14 20:30:26,223 - INFO - Epoch 43: Train 99.85%, Val 66.45%
2025-11-14 20:42:50,150 - INFO - Epoch 44: Train 99.44%, Val 64.96%
2025-11-14 20:54:57,480 - INFO - Epoch 45: Train 99.62%, Val 66.03%
2025-11-14 21:06:27,184 - INFO - Epoch 46: Train 99.80%, Val 65.81%
2025-11-14 21:18:49,388 - INFO - Epoch 47: Train 99.82%, Val 64.10%
2025-11-14 21:32:31,817 - INFO - Epoch 48: Train 99.82%, Val 65.38%
2025-11-14 21:43:53,917 - INFO - Epoch 49: Train 99.69%, Val 67.52%
2025-11-14 21:54:43,699 - INFO - Epoch 50: Train 99.80%, Val 66.67%
2025-11-14 22:05:11,110 - INFO - Epoch 51: Train 99.77%, Val 66.45%
2025-11-14 22:16:46,830 - INFO - Epoch 52: Train 99.62%, Val 66.88%
2025-11-14 22:27:34,235 - INFO - Epoch 53: Train 99.85%, Val 68.16%
2025-11-14 22:38:01,754 - INFO - Epoch 54: Train 99.90%, Val 66.67%
2025-11-14 22:48:48,122 - INFO - Epoch 55: Train 99.74%, Val 65.17%
2025-11-14 22:58:17,928 - INFO - Epoch 56: Train 99.80%, Val 66.03%
2025-11-14 23:08:15,490 - INFO - Epoch 57: Train 99.85%, Val 68.38%
2025-11-14 23:18:05,137 - INFO - Epoch 58: Train 99.28%, Val 66.24%
2025-11-14 23:27:25,422 - INFO - Epoch 59: Train 99.54%, Val 65.17%
2025-11-14 23:36:46,082 - INFO - Epoch 60: Train 99.67%, Val 65.17%
2025-11-14 23:46:01,860 - INFO - Epoch 61: Train 99.82%, Val 65.17%
2025-11-14 23:55:11,907 - INFO - Epoch 62: Train 99.74%, Val 66.03%
2025-11-15 00:04:14,196 - INFO - Epoch 63: Train 99.92%, Val 66.45%
2025-11-15 00:13:24,672 - INFO - Epoch 64: Train 99.97%, Val 66.88%
2025-11-15 00:13:24,673 - INFO - Training complete! Best Val Acc: 68.59%
2025-11-15 00:13:24,681 - INFO - All selected pipeline stages complete. Execution finished.
